Found[0] = C:\Windows\System32\notepad.exe
Found[1] = C:\Windows\notepad.exe
