/Home/Index/Hello => [[controller, Home], [action, Index], [id, Hello]] 
/ => [[controller, Cool], [action, Index], [id, ]] 
