"C:\Program Files (x86)\TortoiseHg\kdiff3.exe" "../../b.txt" "../../a.txt"