GetDotNetVersion => Net_v4.0.30319.296
GetOsName => Microsoft_Windows_7_Ultimate
