Event Configuration for TestingPoco 

MyEvent:
	[0] Void StandardCallback(System.Object, System.EventArgs)

PropertyChanged:
	[0] Void PropertyChangedCallback(System.Object, System.ComponentModel.PropertyChangedEventArgs)

