[0] = Boolean AccObjDoDefaultAction
[1] = System.Windows.Forms.CreateParams CreateParams
[2] = System.Drawing.Size DefaultSize
[3] = System.Drawing.Rectangle OverChangeRectangle
[4] = System.Drawing.Rectangle DownChangeRectangle
[5] = System.Windows.Forms.ImeMode DefaultImeMode
[6] = Boolean IsDefault
[7] = Boolean IsMnemonicsListenerAxSourced
[8] = Boolean OwnerDraw
[9] = Boolean MouseIsPressed
[10] = Boolean MouseIsDown
[11] = Boolean MouseIsOver
[12] = Boolean ShowToolTip
[13] = System.Windows.Forms.ButtonInternal.ButtonBaseAdapter Adapter
[14] = Boolean SupportsUseCompatibleTextRendering
[15] = IntPtr BackColorBrush
[16] = Boolean BecomingActiveControl
[17] = System.Windows.Forms.BindingContext BindingContextInternal
[18] = Boolean CanAccessProperties
[19] = Boolean CanRaiseEvents
[20] = Boolean CaptureInternal
[21] = Boolean CacheTextInternal
[22] = Boolean ValidationCancelled
[23] = Int32 CreateThreadId
[24] = System.Windows.Forms.Cursor DefaultCursor
[25] = System.Windows.Forms.Padding DefaultMargin
[26] = System.Drawing.Size DefaultMaximumSize
[27] = System.Drawing.Size DefaultMinimumSize
[28] = System.Windows.Forms.Padding DefaultPadding
[29] = System.Drawing.Color DisabledColor
[30] = Boolean DoubleBuffered
[31] = IntPtr FontHandle
[32] = Int32 FontHeight
[33] = IntPtr HandleInternal
[34] = Boolean HasMenu
[35] = Boolean HostedInWin32DialogManager
[36] = Boolean IsLayoutSuspended
[37] = Boolean IsWindowObscured
[38] = IntPtr InternalHandle
[39] = Boolean IsActiveX
[40] = Boolean IsContainerControl
[41] = Boolean IsIEParent
[42] = System.Windows.Forms.Control ParentInternal
[43] = System.Windows.Forms.PropertyStore Properties
[44] = System.Drawing.Color RawBackColor
[45] = Boolean RenderRightToLeft
[46] = Boolean RenderTransparent
[47] = Boolean RenderTransparencyWithVisualStyles
[48] = System.Windows.Forms.BoundsSpecified RequiredScaling
[49] = Boolean RequiredScalingEnabled
[50] = Boolean ResizeRedraw
[51] = Boolean ScaleChildren
[52] = Boolean TabStopInternal
[53] = System.Windows.Forms.Control TopLevelControlInternal
[54] = System.Windows.Forms.Control TopMostParent
[55] = Boolean ShowKeyboardCues
[56] = Boolean ShowFocusCues
[57] = Int32 ShowParams
[58] = Boolean UseCompatibleTextRenderingInt
[59] = Int32 WindowStyle
[60] = System.String WindowText
[61] = System.Windows.Forms.ContainerControl ParentContainerControl
[62] = Boolean ShouldAutoValidate
[63] = System.Windows.Forms.ImeMode CachedImeMode
[64] = Boolean CanEnableIme
[65] = System.Windows.Forms.ImeMode CurrentImeContextMode
[66] = Int32 DisableImeModeChangedCount
[67] = System.Windows.Forms.ImeMode ImeModeBase
[68] = Int32 ImeWmCharsToIgnore
[69] = Boolean CanRaiseEventsInternal
[70] = System.ComponentModel.EventHandlerList Events
[71] = Boolean DesignMode
