[0] = System.Object EVENT_CHECKEDCHANGED
[1] = System.Object EVENT_CHECKSTATECHANGED
[2] = System.Object EVENT_APPEARANCECHANGED
[3] = System.Drawing.ContentAlignment anyRight
